// Jest Snapshot v1, https://goo.gl/fbAQLP

exports[`Navbar should render correctly 1`] = `
<BrowserRouter>
  <Router
    history={
      Object {
        "action": "POP",
        "block": [Function],
        "createHref": [Function],
        "go": [Function],
        "goBack": [Function],
        "goForward": [Function],
        "length": 1,
        "listen": [Function],
        "location": Object {
          "hash": "",
          "pathname": "/",
          "search": "",
          "state": undefined,
        },
        "push": [Function],
        "replace": [Function],
      }
    }
  >
    <Navbar>
      <div>
        <div
          className="nav undefined"
        >
          <input
            id="nav-check"
            type="checkbox"
          />
          <div
            className="nav-header"
          >
            <Link
              className="nav-title"
              to="/"
            >
              <a
                className="nav-title"
                href="/"
                onClick={[Function]}
              >
                Questioner
              </a>
            </Link>
          </div>
          <div
            className="nav-btn"
          >
            <label
              htmlFor="nav-check"
            >
              <Icon
                as="i"
                color="grey"
                name="bars"
                size="big"
              >
                <i
                  aria-hidden="true"
                  className="grey bars big icon"
                  onClick={[Function]}
                />
              </Icon>
            </label>
          </div>
          <div
            className="nav-links"
          >
            <Link
              className="btn btn-transparent"
              to="/login"
            >
              <a
                className="btn btn-transparent"
                href="/login"
                onClick={[Function]}
              >
                MEETUPS
              </a>
            </Link>
            <Link
              className="btn btn-dark-alt"
              to="/login"
            >
              <a
                className="btn btn-dark-alt"
                href="/login"
                onClick={[Function]}
              >
                LOGIN
              </a>
            </Link>
            <Link
              className="btn btn-white-alt-hover"
              to="/register"
            >
              <a
                className="btn btn-white-alt-hover"
                href="/register"
                onClick={[Function]}
              >
                REGISTER
              </a>
            </Link>
          </div>
        </div>
      </div>
    </Navbar>
  </Router>
</BrowserRouter>
`;
